<?xml version="1.0" encoding="UTF-8"?>
<testsuites name="jest tests" tests="4" failures="0" errors="0" time="6.256">
  <testsuite name="UsersService" errors="0" failures="0" skipped="0" timestamp="2021-08-15T16:11:15" time="5.282" tests="2">
    <testcase classname="UsersService createMongoUser should call to create user" name="UsersService createMongoUser should call to create user" time="0.002">
    </testcase>
    <testcase classname="UsersService getMongoUser should call to get user" name="UsersService getMongoUser should call to get user" time="0.001">
    </testcase>
  </testsuite>
  <testsuite name="UsersController" errors="0" failures="0" skipped="0" timestamp="2021-08-15T16:11:21" time="0.187" tests="2">
    <testcase classname="UsersController createUser should call service to create user" name="UsersController createUser should call service to create user" time="0.001">
    </testcase>
    <testcase classname="UsersController getMongoUser should call service to create user" name="UsersController getMongoUser should call service to create user" time="0">
    </testcase>
  </testsuite>
</testsuites>